../Drivers/STM32WLxx_HAL_Driver/Inc/stm32wlxx_ll_rcc.h:2331:22:LL_RCC_EnableRTC	4	static
../Drivers/STM32WLxx_HAL_Driver/Inc/stm32wlxx_ll_rcc.h:2341:22:LL_RCC_DisableRTC	4	static
../Drivers/STM32WLxx_HAL_Driver/Inc/stm32wlxx_ll_bus.h:914:22:LL_APB1_GRP1_EnableClock	24	static
../Drivers/STM32WLxx_HAL_Driver/Inc/stm32wlxx_ll_bus.h:1018:22:LL_APB1_GRP1_DisableClock	16	static
../Core/Src/rtc.c:30:6:MX_RTC_Init	56	static
../Core/Src/rtc.c:97:6:HAL_RTC_MspInit	72	static
../Core/Src/rtc.c:134:6:HAL_RTC_MspDeInit	16	static
../Core/Src/rtc.c:157:6:myRTC_start	16	static
../Core/Src/rtc.c:165:6:myRTC_stop	8	static
